Warning: You are sending unauthenticated requests to the HF Hub. Please set a HF_TOKEN to enable higher rate limits and faster downloads.
WARNING:huggingface_hub.utils._http:Warning: You are sending unauthenticated requests to the HF Hub. Please set a HF_TOKEN to enable higher rate limits and faster downloads.
reference: 1200 animal, 1200 sign photos
  embedded 0/2400
probe, 5-fold cross-validated: {'animal_photos_kept': 0.988, 'sign_photos_rejected': 0.634, 'n_animal': 1200, 'n_sign': 1200}
  embedded 0/117999
  embedded 6400/117999
  embedded 12800/117999
  embedded 19200/117999
  embedded 25600/117999
  embedded 32000/117999
  embedded 38400/117999
  embedded 44800/117999
  embedded 51200/117999
  embedded 57600/117999
  embedded 64000/117999
  embedded 70400/117999
  embedded 76800/117999
  embedded 83200/117999
  embedded 89600/117999
  embedded 96000/117999
  embedded 102400/117999
  embedded 108800/117999
  embedded 115200/117999
kept 112978 / 117999; rejected 5021
BioCLIP 2 zero-shot on the test split (254-way): {'top1': 0.9461, 'top3': 0.982, 'n': 10850}
