canada-goose                      500   (0 requests so far)
mallard                           500   (0 requests so far)
california-quail                  500   (0 requests so far)
wild-turkey                       500   (0 requests so far)
rock-pigeon                       500   (0 requests so far)
mourning-dove                     500   (0 requests so far)
annas-hummingbird                 489   (0 requests so far)
rufous-hummingbird                500   (0 requests so far)
american-coot                     500   (0 requests so far)
killdeer                          500   (0 requests so far)
black-oystercatcher               500   (0 requests so far)
western-gull                      500   (0 requests so far)
tufted-puffin                     360   (0 requests so far)
brown-pelican                     500   (0 requests so far)
double-crested-cormorant          500   (0 requests so far)
great-blue-heron                  500   (0 requests so far)
turkey-vulture                    500   (0 requests so far)
osprey                            500   (0 requests so far)
bald-eagle                        500   (0 requests so far)
red-tailed-hawk                   500   (0 requests so far)
golden-eagle                      500   (0 requests so far)
great-horned-owl                  500   (0 requests so far)
western-screech-owl               260   (0 requests so far)
american-kestrel                  500   (0 requests so far)
belted-kingfisher                 500   (0 requests so far)
acorn-woodpecker                  500   (0 requests so far)
northern-flicker                  500   (0 requests so far)
pileated-woodpecker               500   (0 requests so far)
black-phoebe                      500   (0 requests so far)
stellers-jay                      500   (0 requests so far)
california-scrub-jay              500   (0 requests so far)
american-crow                     500   (0 requests so far)
common-raven                      500   (0 requests so far)
clarks-nutcracker                 500   (0 requests so far)
chestnut-backed-chickadee         500   (0 requests so far)
mountain-chickadee                500   (0 requests so far)
bushtit                           500   (0 requests so far)
violet-green-swallow              500   (0 requests so far)
bewicks-wren                      500   (0 requests so far)
american-dipper                   500   (0 requests so far)
american-robin                    500   (0 requests so far)
northern-mockingbird              500   (0 requests so far)
european-starling                 500   (0 requests so far)
house-finch                       500   (0 requests so far)
lesser-goldfinch                  500   (0 requests so far)
spotted-towhee                    500   (0 requests so far)
dark-eyed-junco                   500   (0 requests so far)
white-crowned-sparrow             500   (0 requests so far)
song-sparrow                      500   (0 requests so far)
red-winged-blackbird              500   (0 requests so far)
western-meadowlark                500   (0 requests so far)
western-tanager                   500   (0 requests so far)
virginia-opossum                  500   (0 requests so far)
american-pika                     500   (0 requests so far)
black-tailed-jackrabbit           500   (0 requests so far)
western-gray-squirrel             500   (0 requests so far)
california-ground-squirrel        500   (0 requests so far)
douglas-squirrel                  500   (0 requests so far)
yellow-bellied-marmot             500   (0 requests so far)
american-beaver                   500   (0 requests so far)
coyote                            500   (0 requests so far)
gray-fox                          500   (0 requests so far)
american-black-bear               500   (0 requests so far)
raccoon                           500   (0 requests so far)
striped-skunk                     500   (0 requests so far)
north-american-river-otter        500   (0 requests so far)
sea-otter                         500   (0 requests so far)
harbor-seal                       500   (0 requests so far)
california-sea-lion               500   (0 requests so far)
bobcat                            500   (0 requests so far)
mule-deer                         500   (0 requests so far)
roosevelt-elk                     399   (0 requests so far)
western-pond-turtle               434   (0 requests so far)
western-fence-lizard              500   (0 requests so far)
common-side-blotched-lizard       500   (0 requests so far)
desert-horned-lizard              359   (0 requests so far)
western-skink                     500   (0 requests so far)
southern-alligator-lizard         500   (0 requests so far)
common-garter-snake               500   (0 requests so far)
gopher-snake                      500   (0 requests so far)
western-rattlesnake               500   (0 requests so far)
rough-skinned-newt                500   (0 requests so far)
california-newt                   327   (0 requests so far)
ensatina                          459   (0 requests so far)
coastal-giant-salamander          211   (0 requests so far)
pacific-chorus-frog               500   (0 requests so far)
american-bullfrog                 500   (0 requests so far)
western-toad                      500   (0 requests so far)
chinook-salmon                    371   (0 requests so far)
coho-salmon                       313   (0 requests so far)
rainbow-trout                     500   (0 requests so far)
cutthroat-trout                    59   (0 requests so far)
tidepool-sculpin                  500   (0 requests so far)
opaleye                           188   (0 requests so far)
garibaldi                         227   (0 requests so far)
blue-rockfish                      32   (0 requests so far)
leopard-shark                     102   (0 requests so far)
bat-ray                           105   (0 requests so far)
western-tiger-swallowtail         500   (0 requests so far)
anise-swallowtail                 500   (0 requests so far)
monarch                           500   (0 requests so far)
california-sister                 500   (0 requests so far)
painted-lady                      500   (0 requests so far)
mourning-cloak                    500   (0 requests so far)
cabbage-white                     500   (0 requests so far)
common-green-darner               500   (0 requests so far)
flame-skimmer                     500   (0 requests so far)
blue-dasher                       500   (0 requests so far)
yellow-faced-bumble-bee           500   (0 requests so far)
valley-carpenter-bee              500   (0 requests so far)
convergent-lady-beetle            500   (0 requests so far)
ten-lined-june-beetle             313   (0 requests so far)
jerusalem-cricket                 223   (0 requests so far)
banana-slug                       500   (0 requests so far)
ochre-sea-star                    500   (0 requests so far)
giant-green-anemone               500   (0 requests so far)
purple-sea-urchin                 500   (0 requests so far)
dungeness-crab                    500   (0 requests so far)
striped-shore-crab                500   (0 requests so far)
western-black-widow               500   (0 requests so far)
wood-duck                         500   (0 requests so far)
bufflehead                        500   (0 requests so far)
common-merganser                  500   (0 requests so far)
pied-billed-grebe                 500   (0 requests so far)
western-grebe                     500   (0 requests so far)
american-white-pelican            500   (0 requests so far)
great-egret                       500   (0 requests so far)
snowy-egret                       500   (0 requests so far)
green-heron                       500   (0 requests so far)
brandts-cormorant                 500   (0 requests so far)
sandhill-crane                    500   (0 requests so far)
sanderling                        500   (0 requests so far)
california-gull                   500   (0 requests so far)
heermanns-gull                    500   (0 requests so far)
caspian-tern                      500   (0 requests so far)
band-tailed-pigeon                500   (0 requests so far)
eurasian-collared-dove            500   (0 requests so far)
barn-owl                          500   (0 requests so far)
downy-woodpecker                  500   (0 requests so far)
hairy-woodpecker                  500   (0 requests so far)
red-breasted-sapsucker            500   (0 requests so far)
coopers-hawk                      500   (0 requests so far)
peregrine-falcon                  500   (0 requests so far)
barn-swallow                      500   (0 requests so far)
cliff-swallow                     500   (0 requests so far)
black-capped-chickadee            500   (0 requests so far)
red-breasted-nuthatch             500   (0 requests so far)
cedar-waxwing                     500   (0 requests so far)
american-goldfinch                500   (0 requests so far)
house-sparrow                     500   (0 requests so far)
brewers-blackbird                 500   (0 requests so far)
yellow-rumped-warbler             500   (0 requests so far)
mountain-lion                     279   (0 requests so far)
gray-whale                        288   (0 requests so far)
northern-elephant-seal            500   (0 requests so far)
harbor-porpoise                   499   (0 requests so far)
townsends-chipmunk                351   (0 requests so far)
bushy-tailed-woodrat               57   (0 requests so far)
deer-mouse                        159   (0 requests so far)
little-brown-bat                   90   (0 requests so far)
mountain-beaver                    20   (0 requests so far)
north-american-porcupine          500   (0 requests so far)
snowshoe-hare                     500   (0 requests so far)
muskrat                           500   (0 requests so far)
american-mink                     500   (0 requests so far)
bottas-pocket-gopher              174   (0 requests so far)
sockeye-salmon                    218   (0 requests so far)
pink-salmon                       201   (0 requests so far)
chum-salmon                       165   (0 requests so far)
pacific-herring                   131   (0 requests so far)
northern-anchovy                   55   (0 requests so far)
lingcod                           102   (0 requests so far)
cabezon                           117   (0 requests so far)
kelp-greenling                     66   (0 requests so far)
black-rockfish                     27   (0 requests so far)
starry-flounder                    76   (0 requests so far)
barred-surfperch                   16   (0 requests so far)
california-grunion                 50   (0 requests so far)
white-sturgeon                     27   (0 requests so far)
largemouth-bass                   235   (0 requests so far)
northern-alligator-lizard         500   (0 requests so far)
california-kingsnake              500   (0 requests so far)
rubber-boa                        263   (0 requests so far)
ring-necked-snake                 500   (0 requests so far)
western-yellow-bellied-racer      500   (0 requests so far)
pond-slider                       500   (0 requests so far)
northern-red-legged-frog          500   (0 requests so far)
cascades-frog                     228   (0 requests so far)
long-toed-salamander              336   (0 requests so far)
arboreal-salamander               446   (0 requests so far)
california-slender-salamander     402   (0 requests so far)
western-honey-bee                 500   (0 requests so far)
western-yellowjacket              500   (0 requests so far)
bald-faced-hornet                 500   (0 requests so far)
western-carpenter-ant             466   (0 requests so far)
pacific-dampwood-termite          143   (0 requests so far)
green-lacewing                     45   (0 requests so far)
common-water-strider              500   (0 requests so far)
large-milkweed-bug                500   (0 requests so far)
field-cricket                     500   (0 requests so far)
european-mantis                   500   (0 requests so far)
isabella-tiger-moth               500   (0 requests so far)
ceanothus-silkmoth                351   (0 requests so far)
white-lined-sphinx                500   (0 requests so far)
common-whitetail                  500   (0 requests so far)
pacific-forktail                  500   (0 requests so far)
lorquins-admiral                  500   (0 requests so far)
california-tortoiseshell          500   (0 requests so far)
western-tiger-beetle              474   (0 requests so far)
california-mussel                 500   (0 requests so far)
pacific-oyster                    500   (0 requests so far)
gooseneck-barnacle                500   (0 requests so far)
acorn-barnacle                    473   (0 requests so far)
giant-pacific-octopus              85   (0 requests so far)
red-rock-crab                     500   (0 requests so far)
bat-star                          500   (0 requests so far)
sunflower-sea-star                150   (0 requests so far)
moon-jelly                        500   (0 requests so far)
pacific-sand-dollar               500   (0 requests so far)
black-turban-snail                500   (0 requests so far)
pacific-razor-clam                235   (0 requests so far)
opalescent-nudibranch             157   (0 requests so far)
cross-orbweaver                   500   (0 requests so far)
common-pill-bug                   500   (0 requests so far)
pacific-golden-chanterelle        249   (0 requests so far)
king-bolete                       500   (0 requests so far)
fly-agaric                        500   (0 requests so far)
western-destroying-angel           88   (0 requests so far)
death-cap                         500   (0 requests so far)
panther-cap                       500   (0 requests so far)
shaggy-mane                       500   (0 requests so far)
deadly-galerina                   500   (0 requests so far)
western-jack-o-lantern            500   (0 requests so far)
sulphur-tuft                      500   (0 requests so far)
honey-mushroom                    500   (0 requests so far)
meadow-mushroom                   291   (0 requests so far)
yellow-staining-mushroom          485   (0 requests so far)
fairy-ring-mushroom               500   (0 requests so far)
candy-cap                         199   (0 requests so far)
american-matsutake                 16   (0 requests so far)
yellowfoot-chanterelle            500   (0 requests so far)
short-stemmed-russula             232   (0 requests so far)
turkey-tail                       500   (0 requests so far)
artists-conk                      500   (0 requests so far)
red-belted-conk                   500   (0 requests so far)
conifer-chicken-of-the-woods      277   (0 requests so far)
oyster-mushroom                   500   (0 requests so far)
angel-wings                       226   (0 requests so far)
black-morel                        93   (0 requests so far)
false-morel                       467   (0 requests so far)
lobster-mushroom                  500   (0 requests so far)
witchs-butter                     500   (0 requests so far)
western-giant-puffball             91   (0 requests so far)
orange-peel-fungus                500   (0 requests so far)
other (train): 324 species
other (test): 81 species

117999 photos {'train': 92727, 'test': 11650, 'val': 11623, 'open_test': 1999}; 0 API requests
31 species under 200 photos:
  american-matsutake               mushroom             16
  barred-surfperch                 fish                 16
  mountain-beaver                  mammal               20
  black-rockfish                   fish                 27
  white-sturgeon                   fish                 27
  blue-rockfish                    fish                 32
  green-lacewing                   insect               45
  california-grunion               fish                 50
  northern-anchovy                 fish                 55
  bushy-tailed-woodrat             mammal               57
  cutthroat-trout                  fish                 59
  kelp-greenling                   fish                 66
  starry-flounder                  fish                 76
  giant-pacific-octopus            other_invertebrate   85
  western-destroying-angel         mushroom             88
  little-brown-bat                 mammal               90
  western-giant-puffball           other_fungus         91
  black-morel                      other_fungus         93
  leopard-shark                    fish                 102
  lingcod                          fish                 102
  bat-ray                          fish                 105
  cabezon                          fish                 117
  pacific-herring                  fish                 131
  pacific-dampwood-termite         insect               143
  sunflower-sea-star               other_invertebrate   150
  opalescent-nudibranch            other_invertebrate   157
  deer-mouse                       mammal               159
  chum-salmon                      fish                 165
  bottas-pocket-gopher             mammal               174
  opaleye                          fish                 188
  candy-cap                        mushroom             199
